10:30:11 **** Incremental Build of configuration Debug for project LPC55S69_Project_L3 ****
make -r -j8 all 
make[1]: Nothing to be done for 'main-build'.
Performing post-build steps
arm-none-eabi-size "LPC55S69_Project_L3.axf"; # arm-none-eabi-objcopy -v -O binary "LPC55S69_Project_L3.axf" "LPC55S69_Project_L3.bin" ; # checksum -p LPC55S69 -d "LPC55S69_Project_L3.bin";
   text	   data	    bss	    dec	    hex	filename
  14552	      8	   8504	  23064	   5a18	LPC55S69_Project_L3.axf
 

10:30:11 Build Finished. 0 errors, 0 warnings. (took 255ms)

